
There are no discarded input sections

Memory Configuration

Name             Origin             Length             Attributes
RAM              0x30000000         0x01000000         xw
*default*        0x00000000         0xffffffff

Linker script and memory map

LOAD start.o
LOAD main.o
LOAD selftest.o
LOAD runtime.o
LOAD mlir/offload_sa16.o

.text           0x30000000      0x772
 *(.init)
 .init          0x30000000       0x2a start.o
                0x30000000                _start
 *(.text .text.*)
 .text          0x3000002a        0x0 start.o
 .text          0x3000002a        0xa main.o
                0x3000002a                putc
 .text.startup  0x30000034       0x40 main.o
                0x30000034                main
 .text          0x30000074      0x346 selftest.o
                0x300000aa                run_sa16_linearity_test
 .text          0x300003ba       0x84 runtime.o
                0x300003ba                _mlir_ciface_sa16_load_B
                0x300003de                _mlir_ciface_sa16_run_tile
 .text          0x3000043e      0x1b6 mlir/offload_sa16.o
                0x300004ac                offload_tile
                0x30000548                _mlir_ciface_offload_tile
 *(.rodata .rodata.*)
 .rodata.str1.4
                0x300005f4      0x17e main.o
                                 0x3a (size before relaxing)
 .rodata.str1.4
                0x30000772      0x142 selftest.o

.eh_frame       0x30000774       0xcc
 .eh_frame      0x30000774       0xcc mlir/offload_sa16.o

.rela.dyn       0x30000840        0x0
 .rela.init     0x30000840        0x0 start.o

.data           0x30000840        0x0
 *(.data .data.*)
 .data          0x30000840        0x0 start.o
 .data          0x30000840        0x0 main.o
 .data          0x30000840        0x0 selftest.o
 .data          0x30000840        0x0 runtime.o
 *(.sdata .sdata.*)

.bss            0x30000840      0x150
                0x30000840                        __bss_start = .
 *(.bss .bss.*)
 .bss           0x30000840        0x0 start.o
 .bss           0x30000840      0x150 main.o
                0x30000840                OUT
                0x30000940                B
                0x30000980                A
 .bss           0x30000990        0x0 selftest.o
 .bss           0x30000990        0x0 runtime.o
 *(.sbss .sbss.*)
 *(COMMON)
                0x30000990                        __bss_end = .
                0x30000990                        . = ALIGN (0x8)
                0x31000000                        __stack_top = (ORIGIN (RAM) + LENGTH (RAM))
OUTPUT(fw.elf elf32-littleriscv)

.riscv.attributes
                0x00000000       0x67
 .riscv.attributes
                0x00000000       0x32 start.o
 .riscv.attributes
                0x00000032       0x38 main.o
 .riscv.attributes
                0x0000006a       0x34 selftest.o
 .riscv.attributes
                0x0000009e       0x34 runtime.o
 .riscv.attributes
                0x000000d2       0x55 mlir/offload_sa16.o

.comment        0x00000000       0x1b
 .comment       0x00000000       0x1b main.o
                                 0x1c (size before relaxing)
 .comment       0x0000001b       0x1c selftest.o
 .comment       0x0000001b       0x1c runtime.o

.note.GNU-stack
                0x00000000        0x0
 .note.GNU-stack
                0x00000000        0x0 mlir/offload_sa16.o
